
> myr5-coach@1.0.0 build
> node scripts/build.mjs

vite v8.0.13 building ssr environment for production...
node.exe : 
At line:1 char:1
+ & "C:\Program Files\nodejs/node.exe" "C:\Program Files\nodejs/node_mo ...
+ ~~~~~~~~~~~~~~~~~~~~~~~~~~~~~~~~~~~~~~~~~~~~~~~~~~~~~~~~~~~~~~~~~~~~~
    + CategoryInfo          : NotSpecified: (:String) [], RemoteException
    + FullyQualifiedErrorId : NativeCommandError
 
 WARN  inlineDynamicImports option is deprecated, please use codeSplitting: false instead.

[2K
transforming...✓ 92 modules transformed.
rendering chunks...
computing gzip size...
dist/server/index.js  167.82 kB │ gzip: 53.04 kB

✓ built in 248ms
Packed nutrition bytes removed: 1493870
Model bytes saved: 58977716
Offline Coach: 185 files, 6.9 MiB (7268020 of 8388608 B). Post-download package: 306 entries, 221.4 MiB (groups, files/MiB: coach 119/28.9, games 9/0.3, bodies-starter 20/19.3, bodies-arms 7/4.2, bodies-cardio 5/4.8, bodies-glutes 4/4.0, bodies-chest 5/4.6, bodies-martial-arts 8/5.5, bodies-yoga 7/7.0, bodies-meditation 11/9.3, bodies-quads 3/2.4, food 2/1.1, starter 16/18.4, hand 60/73.3, meditation 1/0.0, grimoire-cogs 5/1.2, grimoire-grass 4/0.3, grimoire-ice 3/0.6, grimoire-jelly 3/0.4, grimoire-wood 3/0.5, room-scoreboard 4/0.3, room-reminders 3/9.5, room-cage 3/1.0, voices 1/24.8).
Workers limits: 1762 / 20000 files; largest 15621960 / 26214400 bytes (dist\client\handborne\models\family-20.glb); 255522469 total bytes.
Coach build ready.
